$ pub __experimental-dependency-services list
{
  "dependencies": [
    {
      "name": "foo",
      "version": "1.2.3",
      "kind": "direct",
      "constraint": "^1.0.0"
    },
    {
      "name": "transitive",
      "version": "1.0.0",
      "kind": "transitive",
      "constraint": "null"
    }
  ]
}

$ pub __experimental-dependency-services report
{
  "dependencies": [
    {
      "name": "foo",
      "version": "1.2.3",
      "kind": "direct",
      "latest": "2.2.3",
      "constraint": "^1.0.0",
      "compatible": [],
      "single-breaking": [
        {
          "name": "foo",
          "version": "2.2.3",
          "kind": "direct",
          "constraint": null
        },
        {
          "name": "transitive",
          "version": null,
          "kind": null,
          "constraint": null
        }
      ],
      "multi-breaking": [
        {
          "name": "foo",
          "version": "2.2.3",
          "kind": "direct",
          "constraint": null
        },
        {
          "name": "transitive",
          "version": null,
          "kind": null,
          "constraint": null
        }
      ]
    },
    {
      "name": "transitive",
      "version": "1.0.0",
      "kind": "transitive",
      "latest": "1.0.0",
      "constraint": "null",
      "compatible": [],
      "single-breaking": []
    }
  ]
}

$ pub __experimental-dependency-services apply
Resolving dependencies...
These packages are no longer being depended on:
- transitive 1.0.0
Would change 1 dependency.

myapp/pubspec.yaml:
{"name":"app","dependencies":{"foo":^2.2.3},"environment":{"sdk":">=0.1.2 <1.0.0"}}
myapp/pubspec.lock:
# Generated by pub
# See https://dart.dev/tools/pub/glossary#lockfile
packages:
  foo:
    dependency: "direct main"
    description:
      name: foo
      url: "http://localhost:39343"
    source: hosted
    version: 2.2.3
  transitive:
    dependency: transitive
    description:
      name: transitive
      url: "http://localhost:39343"
    source: hosted
    version: "1.0.0"
sdks:
  dart: ">=0.1.2 <1.0.0"

