# GENERATED BY: test/dependency_services/dependency_services_test.dart

$ cat pubspec.yaml
{"name":"app","dependencies":{"foo":"^1.0.0"},"environment":{"sdk":">=0.1.2 <1.0.0"}}
$ cat pubspec.lock
# Generated by pub
# See https://dart.dev/tools/pub/glossary#lockfile
packages:
  foo:
    dependency: "direct main"
    description:
      name: foo
      url: "http://localhost:54877"
    source: hosted
    version: "1.2.3"
sdks:
  dart: ">=0.1.2 <1.0.0"

-------------------------------- END OF OUTPUT ---------------------------------

## Section 1
$ pub __experimental-dependency-services list
{
  "dependencies": [
    {
      "name": "foo",
      "version": "1.2.3",
      "kind": "direct",
      "constraint": "^1.0.0"
    }
  ]
}

-------------------------------- END OF OUTPUT ---------------------------------

## Section 2
$ pub __experimental-dependency-services report
{
  "dependencies": [
    {
      "name": "foo",
      "version": "1.2.3",
      "kind": "direct",
      "latest": "2.2.3",
      "constraint": "^1.0.0",
      "compatible": [],
      "single-breaking": [
        {
          "name": "foo",
          "version": "2.2.3",
          "kind": "direct",
          "constraint": null
        },
        {
          "name": "transitive",
          "version": "1.0.0",
          "kind": "transitive",
          "constraint": null
        }
      ],
      "multi-breaking": [
        {
          "name": "foo",
          "version": "2.2.3",
          "kind": "direct",
          "constraint": null
        },
        {
          "name": "transitive",
          "version": "1.0.0",
          "kind": "transitive",
          "constraint": null
        }
      ]
    }
  ]
}

-------------------------------- END OF OUTPUT ---------------------------------

## Section 3
$echo '{"dependencyChanges":[{"name":"foo","version":"2.2.3"},{"name":"transitive","version":"1.0.0"}]}' | pub __experimental-dependency-services apply
{"dependencies":[]}

-------------------------------- END OF OUTPUT ---------------------------------

$ cat pubspec.yaml
{"name":"app","dependencies":{"foo":^2.2.3},"environment":{"sdk":">=0.1.2 <1.0.0"}}
$ cat pubspec.lock
# Generated by pub
# See https://dart.dev/tools/pub/glossary#lockfile
packages:
  foo:
    dependency: "direct main"
    description:
      name: foo
      url: "http://localhost:54877"
    source: hosted
    version: 2.2.3
sdks:
  dart: ">=0.1.2 <1.0.0"

